=== TUNE Fri Oct  2 02:28:20 PM +07 2026
[1] {'min_samples_leaf': 10, 'max_features': 0.1} h= 3: val MAE=20.392 RMSE=27.248 train MAE=14.45 (6s)
[1] {'min_samples_leaf': 10, 'max_features': 0.1} h=24: val MAE=29.617 RMSE=36.982 train MAE=16.63 (6s)
[1] {'min_samples_leaf': 10, 'max_features': 0.1} h=72: val MAE=35.426 RMSE=43.823 train MAE=16.26 (6s)
[2] {'min_samples_leaf': 10, 'max_features': 0.2} h= 3: val MAE=20.251 RMSE=27.038 train MAE=13.96 (15s)
[2] {'min_samples_leaf': 10, 'max_features': 0.2} h=24: val MAE=29.959 RMSE=37.364 train MAE=15.65 (12s)
[2] {'min_samples_leaf': 10, 'max_features': 0.2} h=72: val MAE=36.059 RMSE=44.703 train MAE=14.79 (12s)
[3] {'min_samples_leaf': 10, 'max_features': 0.33} h= 3: val MAE=20.223 RMSE=26.982 train MAE=13.65 (25s)
[3] {'min_samples_leaf': 10, 'max_features': 0.33} h=24: val MAE=30.082 RMSE=37.552 train MAE=15.04 (24s)
[3] {'min_samples_leaf': 10, 'max_features': 0.33} h=72: val MAE=37.048 RMSE=46.050 train MAE=14.07 (20s)
[4] {'min_samples_leaf': 25, 'max_features': 0.1} h= 3: val MAE=20.508 RMSE=27.526 train MAE=17.16 (5s)
[4] {'min_samples_leaf': 25, 'max_features': 0.1} h=24: val MAE=29.522 RMSE=36.849 train MAE=21.28 (7s)
[4] {'min_samples_leaf': 25, 'max_features': 0.1} h=72: val MAE=35.651 RMSE=44.027 train MAE=21.69 (7s)
[5] {'min_samples_leaf': 25, 'max_features': 0.2} h= 3: val MAE=20.247 RMSE=27.177 train MAE=16.76 (10s)
[5] {'min_samples_leaf': 25, 'max_features': 0.2} h=24: val MAE=29.795 RMSE=37.207 train MAE=20.45 (10s)
[5] {'min_samples_leaf': 25, 'max_features': 0.2} h=72: val MAE=36.062 RMSE=44.573 train MAE=20.16 (13s)
[6] {'min_samples_leaf': 25, 'max_features': 0.33} h= 3: val MAE=20.190 RMSE=27.048 train MAE=16.52 (17s)
[6] {'min_samples_leaf': 25, 'max_features': 0.33} h=24: val MAE=29.973 RMSE=37.381 train MAE=19.86 (20s)
[6] {'min_samples_leaf': 25, 'max_features': 0.33} h=72: val MAE=36.937 RMSE=45.740 train MAE=19.34 (22s)
[7] {'min_samples_leaf': 50, 'max_features': 0.1} h= 3: val MAE=20.645 RMSE=27.728 train MAE=18.58 (5s)
[7] {'min_samples_leaf': 50, 'max_features': 0.1} h=24: val MAE=29.386 RMSE=36.733 train MAE=23.93 (5s)
[7] {'min_samples_leaf': 50, 'max_features': 0.1} h=72: val MAE=35.480 RMSE=43.710 train MAE=25.30 (7s)
[8] {'min_samples_leaf': 50, 'max_features': 0.2} h= 3: val MAE=20.367 RMSE=27.353 train MAE=18.27 (8s)
[8] {'min_samples_leaf': 50, 'max_features': 0.2} h=24: val MAE=29.802 RMSE=37.173 train MAE=23.32 (8s)
[8] {'min_samples_leaf': 50, 'max_features': 0.2} h=72: val MAE=36.077 RMSE=44.546 train MAE=24.04 (9s)
[9] {'min_samples_leaf': 50, 'max_features': 0.33} h= 3: val MAE=20.252 RMSE=27.226 train MAE=18.11 (18s)
[9] {'min_samples_leaf': 50, 'max_features': 0.33} h=24: val MAE=30.037 RMSE=37.554 train MAE=22.88 (14s)
[9] {'min_samples_leaf': 50, 'max_features': 0.33} h=72: val MAE=37.174 RMSE=46.068 train MAE=23.30 (18s)
[10] {'min_samples_leaf': 100, 'max_features': 0.1} h= 3: val MAE=20.803 RMSE=27.967 train MAE=19.71 (4s)
[10] {'min_samples_leaf': 100, 'max_features': 0.1} h=24: val MAE=29.523 RMSE=36.873 train MAE=25.68 (4s)
[10] {'min_samples_leaf': 100, 'max_features': 0.1} h=72: val MAE=35.295 RMSE=43.336 train MAE=28.08 (4s)
[11] {'min_samples_leaf': 100, 'max_features': 0.2} h= 3: val MAE=20.546 RMSE=27.701 train MAE=19.46 (12s)
[11] {'min_samples_leaf': 100, 'max_features': 0.2} h=24: val MAE=29.836 RMSE=37.280 train MAE=25.29 (16s)
[11] {'min_samples_leaf': 100, 'max_features': 0.2} h=72: val MAE=36.189 RMSE=44.587 train MAE=27.20 (12s)
[12] {'min_samples_leaf': 100, 'max_features': 0.33} h= 3: val MAE=20.373 RMSE=27.438 train MAE=19.35 (21s)
[12] {'min_samples_leaf': 100, 'max_features': 0.33} h=24: val MAE=29.964 RMSE=37.451 train MAE=25.07 (15s)
[12] {'min_samples_leaf': 100, 'max_features': 0.33} h=72: val MAE=36.775 RMSE=45.409 train MAE=26.56 (19s)

 min_samples_leaf  max_features  mean_val_RMSE  mean_val_MAE  mean_train_MAE
               10          0.10         36.018        28.478          15.781
               50          0.10         36.057        28.503          22.603
              100          0.10         36.059        28.540          24.493
               25          0.10         36.134        28.560          20.043
               25          0.20         36.319        28.701          19.122
               50          0.20         36.357        28.749          21.878
               10          0.20         36.369        28.756          14.799
              100          0.20         36.523        28.857          23.986
               25          0.33         36.723        29.034          18.573
              100          0.33         36.766        29.037          23.660
               10          0.33         36.861        29.118          14.254
               50          0.33         36.949        29.154          21.427

best: {'min_samples_leaf': 10, 'max_features': 0.1} -> /media/trungduc/New Volume/Graduation_Project/ml/ml_rf/models/tuning/best_params.json
=== TRAIN Fri Oct  2 02:35:46 PM +07 2026
h= 3  fit=15s  file=15MB  train MAE=14.45  val MAE: random_forest=20.39  persistence=20.85  mean_24h=27.95  same_hour_of_day=29.79
h= 6  fit=19s  file=15MB  train MAE=15.72  val MAE: random_forest=26.97  persistence=32.17  mean_24h=29.37  same_hour_of_day=29.79
h= 9  fit=13s  file=15MB  train MAE=15.93  val MAE: random_forest=29.25  persistence=38.50  mean_24h=30.44  same_hour_of_day=29.79
h=12  fit=13s  file=15MB  train MAE=16.04  val MAE: random_forest=29.28  persistence=41.13  mean_24h=31.37  same_hour_of_day=29.79
h=15  fit=17s  file=15MB  train MAE=15.83  val MAE: random_forest=29.67  persistence=41.74  mean_24h=32.31  same_hour_of_day=29.81
h=18  fit=14s  file=15MB  train MAE=16.11  val MAE: random_forest=29.19  persistence=38.38  mean_24h=33.16  same_hour_of_day=29.81
h=21  fit=17s  file=15MB  train MAE=16.30  val MAE: random_forest=29.25  persistence=32.95  mean_24h=34.04  same_hour_of_day=29.82
h=24  fit=13s  file=15MB  train MAE=16.59  val MAE: random_forest=29.61  persistence=29.84  mean_24h=34.96  same_hour_of_day=29.84
h=27  fit=16s  file=15MB  train MAE=16.58  val MAE: random_forest=32.15  persistence=34.61  mean_24h=35.74  same_hour_of_day=36.73
h=30  fit=13s  file=15MB  train MAE=16.05  val MAE: random_forest=33.53  persistence=40.49  mean_24h=36.33  same_hour_of_day=36.73
h=33  fit=17s  file=15MB  train MAE=15.94  val MAE: random_forest=33.90  persistence=45.24  mean_24h=36.81  same_hour_of_day=36.73
h=36  fit=14s  file=15MB  train MAE=16.04  val MAE: random_forest=34.20  persistence=47.22  mean_24h=37.21  same_hour_of_day=36.74
h=39  fit=20s  file=15MB  train MAE=15.95  val MAE: random_forest=34.45  persistence=47.02  mean_24h=37.51  same_hour_of_day=36.75
h=42  fit=15s  file=15MB  train MAE=16.09  val MAE: random_forest=34.25  persistence=43.98  mean_24h=37.69  same_hour_of_day=36.76
h=45  fit=19s  file=15MB  train MAE=16.28  val MAE: random_forest=34.27  persistence=39.76  mean_24h=37.87  same_hour_of_day=36.76
h=48  fit=14s  file=15MB  train MAE=16.49  val MAE: random_forest=34.10  persistence=36.77  mean_24h=38.06  same_hour_of_day=36.77
h=51  fit=21s  file=15MB  train MAE=16.07  val MAE: random_forest=35.18  persistence=39.77  mean_24h=38.32  same_hour_of_day=39.26
h=54  fit=18s  file=15MB  train MAE=15.80  val MAE: random_forest=35.39  persistence=43.97  mean_24h=38.64  same_hour_of_day=39.27
h=57  fit=18s  file=15MB  train MAE=15.86  val MAE: random_forest=35.53  persistence=47.95  mean_24h=38.90  same_hour_of_day=39.27
h=60  fit=15s  file=15MB  train MAE=15.98  val MAE: random_forest=35.73  persistence=49.43  mean_24h=39.03  same_hour_of_day=39.28
h=63  fit=19s  file=15MB  train MAE=15.88  val MAE: random_forest=36.03  persistence=48.57  mean_24h=39.16  same_hour_of_day=39.28
h=66  fit=15s  file=15MB  train MAE=15.97  val MAE: random_forest=35.76  persistence=45.49  mean_24h=39.34  same_hour_of_day=39.27
h=69  fit=18s  file=15MB  train MAE=16.06  val MAE: random_forest=35.95  persistence=41.50  mean_24h=39.49  same_hour_of_day=39.28
h=72  fit=15s  file=15MB  train MAE=16.25  val MAE: random_forest=35.45  persistence=39.27  mean_24h=39.59  same_hour_of_day=39.27

== MAE (test) ==
method   mean_24h  persistence  random_forest  same_hour_of_day  gain_vs_persistence_%  best_baseline  gain_vs_best_baseline_%
horizon                                                                                                                       
3           26.18        18.18          18.63             27.24                  -2.50          18.18                    -2.50
6           27.51        29.87          25.42             27.25                  14.89          27.25                     6.70
9           28.42        36.91          27.83             27.24                  24.60          27.24                    -2.16
12          29.15        39.62          27.74             27.23                  30.00          27.23                    -1.85
15          29.83        39.68          27.86             27.21                  29.79          27.21                    -2.37
18          30.57        35.91          27.06             27.19                  24.65          27.19                     0.49
21          31.37        30.40          26.81             27.17                  11.80          27.17                     1.33
24          32.16        27.18          27.21             27.18                  -0.10          27.18                    -0.10
27          32.89        31.58          29.57             33.70                   6.36          31.58                     6.36
30          33.42        37.15          30.81             33.70                  17.06          33.42                     7.79
33          33.81        41.71          31.24             33.72                  25.10          33.72                     7.35
36          34.10        43.56          31.12             33.72                  28.56          33.72                     7.72
39          34.42        43.43          31.16             33.71                  28.25          33.71                     7.57
42          34.73        40.47          30.89             33.70                  23.66          33.70                     8.33
45          35.02        36.55          30.63             33.70                  16.19          33.70                     9.10
48          35.30        33.71          30.80             33.71                   8.63          33.71                     8.63
51          35.54        36.53          31.80             36.67                  12.96          35.54                    10.52
54          35.74        40.67          31.99             36.68                  21.34          35.74                    10.47
57          35.97        44.11          31.79             36.68                  27.92          35.97                    11.62
60          36.18        45.50          31.70             36.68                  30.32          36.18                    12.37
63          36.38        45.07          31.90             36.67                  29.21          36.38                    12.30
66          36.59        42.39          31.83             36.65                  24.92          36.59                    13.02
69          36.78        39.15          31.96             36.65                  18.36          36.65                    12.79
72          36.94        36.66          31.79             36.66                  13.28          36.66                    13.28

== RMSE (test) ==
method   mean_24h  persistence  random_forest  same_hour_of_day  gain_vs_persistence_%  best_baseline  gain_vs_best_baseline_%
horizon                                                                                                                       
3           33.12        25.93          24.53             36.04                   5.38          25.93                     5.38
6           34.78        39.88          32.19             36.04                  19.27          34.78                     7.43
9           35.85        47.54          35.00             36.04                  26.38          35.85                     2.38
12          36.66        50.36          34.83             36.04                  30.83          36.04                     3.35
15          37.39        50.07          34.87             36.01                  30.37          36.01                     3.18
18          38.18        45.84          33.87             35.98                  26.11          35.98                     5.87
21          39.09        39.57          33.48             35.96                  15.39          35.96                     6.91
24          40.06        35.97          33.96             35.97                   5.58          35.97                     5.58
27          40.93        41.13          36.88             43.62                  10.35          40.93                     9.91
30          41.59        47.69          38.44             43.62                  19.38          41.59                     7.58
33          42.09        52.51          38.95             43.63                  25.83          42.09                     7.47
36          42.49        54.58          38.90             43.64                  28.73          42.49                     8.45
39          42.84        54.36          38.82             43.63                  28.58          42.84                     9.38
42          43.17        51.27          38.58             43.63                  24.76          43.17                    10.64
45          43.51        46.71          38.24             43.63                  18.12          43.51                    12.11
48          43.87        43.64          38.41             43.64                  11.97          43.64                    11.97
51          44.21        46.60          39.66             46.54                  14.88          44.21                    10.29
54          44.51        51.31          39.95             46.55                  22.14          44.51                    10.26
57          44.80        55.09          39.67             46.55                  27.99          44.80                    11.45
60          45.05        56.71          39.49             46.55                  30.36          45.05                    12.34
63          45.25        56.30          39.64             46.54                  29.59          45.25                    12.39
66          45.40        53.36          39.52             46.54                  25.94          45.40                    12.95
69          45.56        49.29          39.62             46.53                  19.62          45.56                    13.05
72          45.73        46.55          39.40             46.55                  15.35          45.73                    13.84

== MAE (val) ==
method   mean_24h  persistence  random_forest  same_hour_of_day  gain_vs_persistence_%  best_baseline  gain_vs_best_baseline_%
horizon                                                                                                                       
3           27.95        20.85          20.39             29.79                   2.21          20.85                     2.21
6           29.37        32.17          26.97             29.79                  16.16          29.37                     8.18
9           30.44        38.50          29.25             29.79                  24.03          29.79                     1.82
12          31.37        41.13          29.28             29.79                  28.82          29.79                     1.73
15          32.31        41.74          29.67             29.81                  28.91          29.81                     0.45
18          33.16        38.38          29.19             29.81                  23.93          29.81                     2.09
21          34.04        32.95          29.25             29.82                  11.22          29.82                     1.91
24          34.96        29.84          29.61             29.84                   0.75          29.84                     0.75
27          35.74        34.61          32.15             36.73                   7.11          34.61                     7.11
30          36.33        40.49          33.53             36.73                  17.20          36.33                     7.71
33          36.81        45.24          33.90             36.73                  25.06          36.73                     7.70
36          37.21        47.22          34.20             36.74                  27.58          36.74                     6.92
39          37.51        47.02          34.45             36.75                  26.75          36.75                     6.28
42          37.69        43.98          34.25             36.76                  22.13          36.76                     6.82
45          37.87        39.76          34.27             36.76                  13.80          36.76                     6.75
48          38.06        36.77          34.10             36.77                   7.24          36.77                     7.24
51          38.32        39.77          35.18             39.26                  11.54          38.32                     8.18
54          38.64        43.97          35.39             39.27                  19.52          38.64                     8.43
57          38.90        47.95          35.53             39.27                  25.90          38.90                     8.67
60          39.03        49.43          35.73             39.28                  27.73          39.03                     8.47
63          39.16        48.57          36.03             39.28                  25.82          39.16                     8.01
66          39.34        45.49          35.76             39.27                  21.39          39.27                     8.95
69          39.49        41.50          35.95             39.28                  13.37          39.28                     8.46
72          39.59        39.27          35.45             39.27                   9.72          39.27                     9.72

== RMSE (val) ==
method   mean_24h  persistence  random_forest  same_hour_of_day  gain_vs_persistence_%  best_baseline  gain_vs_best_baseline_%
horizon                                                                                                                       
3           35.27        30.53          27.22             40.04                  10.84          30.53                    10.84
6           37.01        42.82          33.99             40.04                  20.61          37.01                     8.14
9           38.37        49.44          36.51             40.05                  26.16          38.37                     4.85
12          39.58        52.15          36.64             40.05                  29.74          39.58                     7.43
15          40.72        52.31          37.05             40.06                  29.16          40.06                     7.51
18          41.80        48.95          36.57             40.07                  25.29          40.07                     8.74
21          42.87        43.40          36.57             40.08                  15.74          40.08                     8.76
24          43.95        40.09          36.96             40.09                   7.80          40.09                     7.80
27          44.94        45.08          39.61             48.47                  12.15          44.94                    11.87
30          45.66        51.86          41.10             48.48                  20.74          45.66                     9.97
33          46.16        56.70          41.57             48.48                  26.69          46.16                     9.94
36          46.56        58.79          41.79             48.49                  28.92          46.56                    10.26
39          46.87        58.69          42.08             48.50                  28.31          46.87                    10.22
42          47.11        55.74          42.04             48.51                  24.58          47.11                    10.76
45          47.31        51.35          42.01             48.51                  18.20          47.31                    11.22
48          47.54        48.52          41.88             48.52                  13.68          47.54                    11.91
51          47.81        51.16          43.06             50.41                  15.84          47.81                     9.94
54          48.08        55.61          43.38             50.42                  21.99          48.08                     9.77
57          48.30        59.43          43.55             50.42                  26.72          48.30                     9.84
60          48.43        60.93          43.76             50.43                  28.18          48.43                     9.65
63          48.52        60.31          44.22             50.44                  26.68          48.52                     8.87
66          48.65        57.10          44.03             50.43                  22.89          48.65                     9.50
69          48.81        52.92          44.38             50.44                  16.12          48.81                     9.07
72          48.96        50.44          43.82             50.44                  13.13          48.96                    10.51
=== COMPARE Fri Oct  2 02:43:01 PM +07 2026

== MAE (test) ==
method   random_forest  xgboost  best_baseline  rf_vs_xgb_%  rf_vs_best_baseline_%  xgb_vs_best_baseline_%
horizon                                                                                                   
3                18.63    17.51          18.18        -6.40                  -2.50                    3.66
6                25.42    24.28          27.25        -4.71                   6.70                   10.90
9                27.83    26.64          27.24        -4.47                  -2.16                    2.21
12               27.74    27.25          27.23        -1.78                  -1.85                   -0.06
15               27.86    27.45          27.21        -1.47                  -2.37                   -0.89
18               27.06    27.50          27.19         1.62                   0.49                   -1.15
21               26.81    26.84          27.17         0.13                   1.33                    1.21
24               27.21    27.30          27.18         0.35                  -0.10                   -0.44
27               29.57    30.33          31.58         2.52                   6.36                    3.94
30               30.81    31.54          33.42         2.31                   7.79                    5.61
33               31.24    31.65          33.72         1.29                   7.35                    6.14
36               31.12    32.24          33.72         3.48                   7.72                    4.39
39               31.16    32.32          33.71         3.59                   7.57                    4.13
42               30.89    32.32          33.70         4.40                   8.33                    4.11
45               30.63    32.21          33.70         4.91                   9.10                    4.41
48               30.80    32.37          33.71         4.85                   8.63                    3.97
51               31.80    32.91          35.54         3.39                  10.52                    7.38
54               31.99    32.70          35.74         2.16                  10.47                    8.50
57               31.79    32.95          35.97         3.51                  11.62                    8.40
60               31.70    32.99          36.18         3.89                  12.37                    8.82
63               31.90    33.15          36.38         3.77                  12.30                    8.86
66               31.83    33.12          36.59         3.90                  13.02                    9.48
69               31.96    33.24          36.65         3.85                  12.79                    9.30
72               31.79    33.03          36.66         3.75                  13.28                    9.90

== RMSE (test) ==
method   random_forest  xgboost  best_baseline  rf_vs_xgb_%  rf_vs_best_baseline_%  xgb_vs_best_baseline_%
horizon                                                                                                   
3                24.53    23.24          25.93        -5.56                   5.38                   10.37
6                32.19    30.98          34.78        -3.90                   7.43                   10.90
9                35.00    33.78          35.85        -3.61                   2.38                    5.79
12               34.83    34.45          36.04        -1.11                   3.35                    4.41
15               34.87    34.41          36.01        -1.32                   3.18                    4.44
18               33.87    34.04          35.98         0.49                   5.87                    5.40
21               33.48    33.51          35.96         0.09                   6.91                    6.82
24               33.96    34.05          35.97         0.26                   5.58                    5.34
27               36.88    37.09          40.93         0.58                   9.91                    9.38
30               38.44    38.01          41.59        -1.13                   7.58                    8.61
33               38.95    38.09          42.09        -2.24                   7.47                    9.50
36               38.90    38.24          42.49        -1.71                   8.45                    9.99
39               38.82    38.31          42.84        -1.34                   9.38                   10.58
42               38.58    38.33          43.17        -0.64                  10.64                   11.21
45               38.24    38.27          43.51         0.08                  12.11                   12.04
48               38.41    38.42          43.64         0.02                  11.97                   11.95
51               39.66    38.72          44.21        -2.43                  10.29                   12.41
54               39.95    38.66          44.51        -3.33                  10.26                   13.15
57               39.67    38.75          44.80        -2.36                  11.45                   13.49
60               39.49    38.82          45.05        -1.75                  12.34                   13.85
63               39.64    38.93          45.25        -1.83                  12.39                   13.96
66               39.52    38.92          45.40        -1.56                  12.95                   14.29
69               39.62    39.03          45.56        -1.49                  13.05                   14.33
72               39.40    38.82          45.73        -1.49                  13.84                   15.11

== MAE (val) ==
method   random_forest  xgboost  best_baseline  rf_vs_xgb_%  rf_vs_best_baseline_%  xgb_vs_best_baseline_%
horizon                                                                                                   
3                20.39    19.11          20.85        -6.69                   2.21                    8.35
6                26.97    25.86          29.37        -4.28                   8.18                   11.95
9                29.25    27.91          29.79        -4.80                   1.82                    6.32
12               29.28    28.50          29.79        -2.74                   1.73                    4.35
15               29.67    28.71          29.81        -3.35                   0.45                    3.67
18               29.19    29.94          29.81         2.49                   2.09                   -0.41
21               29.25    29.48          29.82         0.77                   1.91                    1.15
24               29.61    30.20          29.84         1.94                   0.75                   -1.22
27               32.15    33.34          34.61         3.57                   7.11                    3.68
30               33.53    34.43          36.33         2.61                   7.71                    5.24
33               33.90    34.54          36.73         1.84                   7.70                    5.97
36               34.20    35.01          36.74         2.31                   6.92                    4.72
39               34.45    35.12          36.75         1.93                   6.28                    4.44
42               34.25    35.08          36.76         2.37                   6.82                    4.56
45               34.27    35.04          36.76         2.20                   6.75                    4.66
48               34.10    35.23          36.77         3.19                   7.24                    4.18
51               35.18    35.59          38.32         1.15                   8.18                    7.12
54               35.39    35.48          38.64         0.28                   8.43                    8.18
57               35.53    35.59          38.90         0.17                   8.67                    8.51
60               35.73    35.57          39.03        -0.45                   8.47                    8.87
63               36.03    35.60          39.16        -1.19                   8.01                    9.09
66               35.76    35.55          39.27        -0.57                   8.95                    9.47
69               35.95    35.58          39.28        -1.05                   8.46                    9.41
72               35.45    35.61          39.27         0.44                   9.72                    9.32

== RMSE (val) ==
method   random_forest  xgboost  best_baseline  rf_vs_xgb_%  rf_vs_best_baseline_%  xgb_vs_best_baseline_%
horizon                                                                                                   
3                27.22    25.71          30.53        -5.89                  10.84                   15.80
6                33.99    32.95          37.01        -3.16                   8.14                   10.95
9                36.51    35.27          38.37        -3.50                   4.85                    8.07
12               36.64    35.84          39.58        -2.23                   7.43                    9.46
15               37.05    36.05          40.06        -2.79                   7.51                   10.02
18               36.57    36.81          40.07         0.66                   8.74                    8.13
21               36.57    36.73          40.08         0.45                   8.76                    8.35
24               36.96    37.43          40.09         1.26                   7.80                    6.62
27               39.61    40.16          44.94         1.38                  11.87                   10.64
30               41.10    40.83          45.66        -0.68                   9.97                   10.58
33               41.57    40.94          46.16        -1.54                   9.94                   11.31
36               41.79    41.00          46.56        -1.91                  10.26                   11.94
39               42.08    41.18          46.87        -2.19                  10.22                   12.15
42               42.04    41.14          47.11        -2.17                  10.76                   12.66
45               42.01    41.15          47.31        -2.08                  11.22                   13.03
48               41.88    41.30          47.54        -1.42                  11.91                   13.14
51               43.06    41.48          47.81        -3.79                   9.94                   13.23
54               43.38    41.49          48.08        -4.56                   9.77                   13.70
57               43.55    41.48          48.30        -4.99                   9.84                   14.12
60               43.76    41.50          48.43        -5.46                   9.65                   14.32
63               44.22    41.48          48.52        -6.61                   8.87                   14.52
66               44.03    41.45          48.65        -6.22                   9.50                   14.80
69               44.38    41.48          48.81        -7.01                   9.07                   15.03
72               43.82    41.52          48.96        -5.53                  10.51                   15.20
=== DONE Fri Oct  2 02:43:03 PM +07 2026
